.........................                                                [100%]
25 passed in 0.13s
